    Checking pin-project-lite v0.2.16
    Checking itoa v1.0.17
    Checking once_cell v1.21.4
    Checking libc v0.2.183
    Checking futures-core v0.3.32
    Checking bytes v1.11.0
    Checking cfg-if v1.0.4
    Checking zerofrom v0.1.6
    Checking log v0.4.29
    Checking stable_deref_trait v1.2.1
    Checking tracing-core v0.1.36
    Checking serde_core v1.0.228
    Checking yoke v0.8.1
    Checking smallvec v1.15.1
    Checking zerovec v0.11.5
    Checking slab v0.4.12
    Checking tracing v0.1.44
    Checking http v1.4.0
    Checking bitflags v2.11.0
    Checking writeable v0.6.2
    Checking litemap v0.8.1
    Checking tinystr v0.8.2
    Checking potential_utf v0.1.4
    Checking zerotrie v0.2.3
    Checking icu_locale_core v2.1.1
    Checking futures-sink v0.3.32
    Checking errno v0.3.14
    Checking socket2 v0.6.3
    Checking signal-hook-registry v1.4.8
    Checking mio v1.1.1
    Checking hashbrown v0.16.1
    Checking http-body v1.0.1
    Checking percent-encoding v2.3.2
    Checking futures-task v0.3.32
    Checking equivalent v1.0.2
    Checking tokio v1.48.0
    Checking tower-service v0.3.3
    Checking futures-util v0.3.32
    Checking icu_collections v2.1.1
    Checking icu_provider v2.1.1
    Checking atomic-waker v1.1.2
    Checking base64 v0.22.1
    Checking indexmap v2.13.0
    Checking fnv v1.0.7
    Checking try-lock v0.2.5
    Checking foreign-types-shared v0.1.1
    Checking want v0.3.1
    Checking foreign-types v0.3.2
    Checking num-traits v0.2.19
    Checking serde v1.0.228
    Checking httparse v1.10.1
    Checking zmij v1.0.21
    Checking icu_properties_data v2.1.2
    Checking icu_normalizer_data v2.1.1
    Checking openssl-sys v0.9.112
    Checking futures-channel v0.3.32
    Checking sync_wrapper v1.0.2
    Checking typenum v1.20.0
    Checking pin-utils v0.1.0
    Checking httpdate v1.0.3
    Checking tower-layer v0.3.3
    Checking utf8parse v0.2.2
    Checking memchr v2.8.0
    Checking anstyle-parse v0.2.7
    Checking icu_properties v2.1.2
    Checking icu_normalizer v2.1.1
    Checking serde_json v1.0.149
    Checking generic-array v0.14.7
    Checking openssl v0.10.76
    Checking form_urlencoded v1.2.2
    Checking http-body-util v0.1.3
    Checking colorchoice v1.0.5
    Checking ipnet v2.12.0
    Checking anstyle v1.0.14
   Compiling num-conv v0.2.0
    Checking powerfmt v0.2.0
   Compiling time-core v0.1.8
    Checking anstyle-query v1.1.5
    Checking openssl-probe v0.2.1
    Checking is_terminal_polyfill v1.70.2
    Checking deranged v0.5.8
    Checking idna_adapter v1.2.1
    Checking anstream v0.6.21
   Compiling time-macros v0.2.27
    Checking num-integer v0.1.46
    Checking clap_lex v1.1.0
    Checking strsim v0.11.1
    Checking regex-syntax v0.8.10
    Checking ryu v1.0.23
    Checking utf8_iter v1.0.4
    Checking mime v0.3.17
    Checking idna v1.1.0
    Checking dtor v0.0.6
    Checking serde_urlencoded v0.7.1
    Checking clap_builder v4.5.60
    Checking num-bigint v0.4.6
    Checking time v0.3.47
    Checking tokio-util v0.7.18
    Checking tower v0.5.3
    Checking h2 v0.4.13
    Checking regex-automata v0.4.14
    Checking native-tls v0.2.18
    Checking tokio-native-tls v0.3.1
    Checking thiserror v2.0.18
    Checking getrandom v0.4.2
    Checking block-buffer v0.10.4
    Checking crypto-common v0.1.7
    Checking getrandom v0.2.17
    Checking iri-string v0.7.10
    Checking zeroize v1.8.2
    Checking untrusted v0.9.0
    Checking lazy_static v1.5.0
    Checking ctor v0.4.3
    Checking sharded-slab v0.1.7
    Checking simple_asn1 v0.6.4
    Checking clap v4.5.60
    Checking ring v0.17.14
    Checking rustls-pki-types v1.14.0
    Checking thiserror v1.0.69
    Checking digest v0.10.7
    Checking url v2.5.8
    Checking matchers v0.2.0
    Checking axum-core v0.5.6
    Checking tracing-serde v0.2.0
    Checking serde_path_to_error v0.1.20
    Checking tower-http v0.6.8
    Checking pem v3.0.6
    Checking tracing-log v0.2.0
    Checking thread_local v1.1.9
    Checking encoding_rs v0.8.35
    Checking lino-env v0.1.0
    Checking nu-ansi-term v0.50.3
    Checking dotenvy v0.15.7
    Checking iana-time-zone v0.1.65
    Checking cpufeatures v0.2.17
    Checking matchit v0.8.4
    Checking chrono v0.4.44
    Checking sha2 v0.10.9
    Checking lino-arguments v0.3.0
    Checking tracing-subscriber v0.3.23
    Checking jsonwebtoken v9.3.1
    Checking uuid v1.22.0
    Checking linux-raw-sys v0.12.1
    Checking hex v0.4.3
    Checking log-lazy v0.1.0
    Checking async-stream v0.3.6
    Checking rustix v1.1.4
    Checking tokio-stream v0.1.17
    Checking fastrand v2.3.0
    Checking hyper v1.8.1
    Checking tokio-test v0.4.4
    Checking tempfile v3.27.0
    Checking hyper-util v0.1.20
    Checking hyper-tls v0.6.0
    Checking axum v0.8.8
    Checking reqwest v0.12.28
    Checking link-assistant-router v0.15.0 (/tmp/gh-issue-solver-1778403055894)
    Finished `dev` profile [unoptimized + debuginfo] target(s) in 13.24s
