error: 37 files in the working directory contain changes that were not yet committed into git:

Cargo.lock
changelog.d/20260510_090000_fix_release_changelog_regex.md
docs/case-studies/issue-29/README.md
docs/case-studies/issue-29/online-research.md
docs/case-studies/issue-29/raw/artifacts/link-assistant-router-XH6HTV.dockerbuild.gz
docs/case-studies/issue-29/raw/artifacts/link-assistant-router-XH6HTV.gzip-test.txt
docs/case-studies/issue-29/raw/artifacts/link-assistant-router-XH6HTV.unzip-test.txt
docs/case-studies/issue-29/raw/csharp-template-create-github-release.mjs
docs/case-studies/issue-29/raw/csharp-template-file-tree.txt
docs/case-studies/issue-29/raw/csharp-template-release.yml
docs/case-studies/issue-29/raw/current-cicd-file-list.txt
docs/case-studies/issue-29/raw/issue-29-comments.json
docs/case-studies/issue-29/raw/issue-29.json
docs/case-studies/issue-29/raw/js-template-create-github-release.mjs
docs/case-studies/issue-29/raw/js-template-file-tree.txt
docs/case-studies/issue-29/raw/js-template-release.yml
docs/case-studies/issue-29/raw/pr-30-conversation-comments.json
docs/case-studies/issue-29/raw/pr-30-review-comments.json
docs/case-studies/issue-29/raw/pr-30-reviews.json
docs/case-studies/issue-29/raw/pr-30.json
docs/case-studies/issue-29/raw/python-template-create-github-release.py
docs/case-studies/issue-29/raw/python-template-file-tree.txt
docs/case-studies/issue-29/raw/python-template-release.yml
docs/case-studies/issue-29/raw/recent-runs-issue-branch.json
docs/case-studies/issue-29/raw/router-file-tree.txt
docs/case-studies/issue-29/raw/run-25611545944-artifact-download-error.txt
docs/case-studies/issue-29/raw/run-25611545944-artifacts-full.json
docs/case-studies/issue-29/raw/run-25611545944-artifacts.json
docs/case-studies/issue-29/raw/run-25611545944.json
docs/case-studies/issue-29/raw/rust-template-changelog-parsing-test.rs
docs/case-studies/issue-29/raw/rust-template-create-github-release.rs
docs/case-studies/issue-29/raw/rust-template-file-tree.txt
docs/case-studies/issue-29/raw/rust-template-release.yml
docs/case-studies/issue-29/requirements.md
docs/case-studies/issue-29/template-comparison.md
scripts/create-github-release.rs
tests/release_workflow_test.rs

to proceed despite this and include the uncommitted changes, pass the `--allow-dirty` flag
