    Updating crates.io index
 Downloading crates ...
  Downloaded rust-script v0.36.0
  Installing rust-script v0.36.0
    Updating crates.io index
     Locking 113 packages to latest compatible versions
      Adding generic-array v0.14.7 (available: v0.14.9)
      Adding sha1 v0.10.6 (available: v0.11.0)
      Adding toml v0.9.12+spec-1.1.0 (available: v1.1.2+spec-1.1.0)
      Adding winreg v0.55.0 (available: v0.56.0)
 Downloading crates ...
  Downloaded anstyle-parse v1.0.0
  Downloaded anstream v1.0.0
  Downloaded bitflags v2.11.1
  Downloaded dirs-sys v0.5.0
  Downloaded serde_spanned v1.1.1
  Downloaded sha1 v0.10.6
  Downloaded toml_writer v1.1.1+spec-1.1.0
  Downloaded toml_datetime v0.7.5+spec-1.1.0
  Downloaded toml v0.9.12+spec-1.1.0
  Downloaded unicase v2.9.0
  Downloaded shell-words v1.1.1
  Downloaded toml_parser v1.1.2+spec-1.1.0
  Downloaded pulldown-cmark-escape v0.11.0
  Downloaded getopts v0.2.24
  Downloaded fastrand v2.4.1
  Downloaded unicode-width v0.2.2
  Downloaded indexmap v2.14.0
  Downloaded clap v4.6.1
  Downloaded option-ext v0.2.0
  Downloaded regex v1.12.3
  Downloaded pulldown-cmark v0.13.3
  Downloaded winnow v1.0.2
  Downloaded hashbrown v0.17.1
  Downloaded winnow v0.7.15
  Downloaded clap_builder v4.6.0
  Downloaded env_logger v0.11.10
  Downloaded env_filter v1.0.1
  Downloaded dirs v6.0.0
  Downloaded jiff v0.2.24
  Downloaded libc v0.2.186
   Compiling version_check v0.9.5
   Compiling libc v0.2.186
   Compiling memchr v2.8.0
   Compiling utf8parse v0.2.2
   Compiling serde_core v1.0.228
   Compiling typenum v1.20.0
   Compiling anstyle-parse v1.0.0
   Compiling generic-array v0.14.7
   Compiling is_terminal_polyfill v1.70.2
   Compiling regex-syntax v0.8.10
   Compiling anstyle-query v1.1.5
   Compiling anstyle v1.0.14
   Compiling colorchoice v1.0.5
   Compiling aho-corasick v1.1.4
   Compiling anstream v1.0.0
   Compiling rustix v1.1.4
   Compiling getrandom v0.4.2
   Compiling cfg-if v1.0.4
   Compiling bitflags v2.11.1
   Compiling crypto-common v0.1.7
   Compiling block-buffer v0.10.4
   Compiling unicode-width v0.2.2
   Compiling pulldown-cmark v0.13.3
   Compiling linux-raw-sys v0.12.1
   Compiling strsim v0.11.1
   Compiling winnow v1.0.2
   Compiling log v0.4.29
   Compiling option-ext v0.2.0
   Compiling regex-automata v0.4.14
   Compiling clap_lex v1.1.0
   Compiling toml_parser v1.1.2+spec-1.1.0
   Compiling clap_builder v4.6.0
   Compiling toml_datetime v0.7.5+spec-1.1.0
   Compiling serde_spanned v1.1.1
   Compiling dirs-sys v0.5.0
   Compiling getopts v0.2.24
   Compiling digest v0.10.7
   Compiling winnow v0.7.15
   Compiling toml_writer v1.1.1+spec-1.1.0
   Compiling cpufeatures v0.2.17
   Compiling pulldown-cmark-escape v0.11.0
   Compiling once_cell v1.21.4
   Compiling jiff v0.2.24
   Compiling fastrand v2.4.1
   Compiling unicase v2.9.0
   Compiling clap v4.6.1
   Compiling regex v1.12.3
   Compiling env_filter v1.0.1
   Compiling toml v0.9.12+spec-1.1.0
   Compiling tempfile v3.27.0
   Compiling sha1 v0.10.6
   Compiling dirs v6.0.0
   Compiling shell-words v1.1.1
   Compiling env_logger v0.11.10
   Compiling rust-script v0.36.0
    Finished `release` profile [optimized] target(s) in 30.90s
  Installing /home/box/.cargo/bin/rust-script
   Installed package `rust-script v0.36.0` (executable `rust-script`)
